0 verbose cli /usr/local/bin/node /usr/local/bin/npm
1 info using npm@11.13.0
2 info using node@v24.16.0
3 silly config load:file:/usr/local/lib/node_modules/npm/npmrc
4 silly config load:file:/Users/jaysharma/Desktop/EDBA Vishal Website/.npmrc
5 silly config load:file:/Users/jaysharma/.npmrc
6 silly config load:file:/usr/local/etc/npmrc
7 verbose title npm install framer-motion
8 verbose argv "install" "framer-motion" "--cache" "./.npm-cache"
9 verbose logfile logs-max:10 dir:/Users/jaysharma/Desktop/EDBA Vishal Website/.npm-cache/_logs/2026-06-02T11_04_30_666Z-
10 verbose logfile /Users/jaysharma/Desktop/EDBA Vishal Website/.npm-cache/_logs/2026-06-02T11_04_30_666Z-debug-0.log
11 silly logfile done cleaning log files
12 silly packumentCache heap:4496293888 maxSize:1124073472 maxEntrySize:562036736
13 verbose shrinkwrap failed to load node_modules/.package-lock.json out of date, updated: node_modules
14 silly idealTree buildDeps
15 silly fetch manifest framer-motion@*
16 silly packumentCache full:https://registry.npmjs.org/framer-motion cache-miss
17 http fetch GET 200 https://registry.npmjs.org/framer-motion 270ms (cache miss)
18 silly packumentCache full:https://registry.npmjs.org/framer-motion set size:undefined disposed:false
19 silly fetch manifest @emotion/is-prop-valid@*
20 silly packumentCache full:https://registry.npmjs.org/@emotion%2fis-prop-valid cache-miss
21 http fetch GET 200 https://registry.npmjs.org/@emotion%2fis-prop-valid 49ms (cache miss)
22 silly packumentCache full:https://registry.npmjs.org/@emotion%2fis-prop-valid set size:undefined disposed:false
23 silly fetch manifest react@19.2.4
24 silly packumentCache full:https://registry.npmjs.org/react cache-miss
25 http fetch GET 200 https://registry.npmjs.org/react 32ms (cache revalidated)
26 silly packumentCache full:https://registry.npmjs.org/react set size:6679468 disposed:false
27 silly fetch manifest react-dom@19.2.4
28 silly packumentCache full:https://registry.npmjs.org/react-dom cache-miss
29 http fetch GET 200 https://registry.npmjs.org/react-dom 31ms (cache revalidated)
30 silly packumentCache full:https://registry.npmjs.org/react-dom set size:8915576 disposed:false
31 silly placeDep ROOT framer-motion@12.40.0 OK for: edba-website@0.1.0 want: *
32 silly fetch manifest motion-dom@^12.40.0
33 silly packumentCache full:https://registry.npmjs.org/motion-dom cache-miss
34 silly fetch manifest motion-utils@^12.39.0
35 silly packumentCache full:https://registry.npmjs.org/motion-utils cache-miss
36 http fetch GET 200 https://registry.npmjs.org/motion-dom 122ms (cache miss)
37 silly packumentCache full:https://registry.npmjs.org/motion-dom set size:undefined disposed:false
38 http fetch GET 200 https://registry.npmjs.org/motion-utils 134ms (cache miss)
39 silly packumentCache full:https://registry.npmjs.org/motion-utils set size:undefined disposed:false
40 silly placeDep ROOT motion-dom@12.40.0 OK for: framer-motion@12.40.0 want: ^12.40.0
41 silly placeDep ROOT motion-utils@12.39.0 OK for: framer-motion@12.40.0 want: ^12.39.0
42 silly reify mark retired [
42 silly reify   '/Users/jaysharma/Desktop/EDBA Vishal Website/node_modules/eslint',
42 silly reify   '/Users/jaysharma/Desktop/EDBA Vishal Website/node_modules/.bin/eslint'
42 silly reify ]
43 silly reify mark retired [
43 silly reify   '/Users/jaysharma/Desktop/EDBA Vishal Website/node_modules/eslint-config-next'
43 silly reify ]
44 silly reify mark retired [
44 silly reify   '/Users/jaysharma/Desktop/EDBA Vishal Website/node_modules/react-dom'
44 silly reify ]
45 silly reify mark retired [
45 silly reify   '/Users/jaysharma/Desktop/EDBA Vishal Website/node_modules/lucide-react'
45 silly reify ]
46 silly reify mark retired [
46 silly reify   '/Users/jaysharma/Desktop/EDBA Vishal Website/node_modules/next',
46 silly reify   '/Users/jaysharma/Desktop/EDBA Vishal Website/node_modules/.bin/next'
46 silly reify ]
47 silly reify mark retired [ '/Users/jaysharma/Desktop/EDBA Vishal Website/node_modules/react' ]
48 silly reify mark retired [
48 silly reify   '/Users/jaysharma/Desktop/EDBA Vishal Website/node_modules/typescript',
48 silly reify   '/Users/jaysharma/Desktop/EDBA Vishal Website/node_modules/.bin/tsc',
48 silly reify   '/Users/jaysharma/Desktop/EDBA Vishal Website/node_modules/.bin/tsserver'
48 silly reify ]
49 silly reify mark retired [
49 silly reify   '/Users/jaysharma/Desktop/EDBA Vishal Website/node_modules/tailwindcss'
49 silly reify ]
50 silly reify mark retired [
50 silly reify   '/Users/jaysharma/Desktop/EDBA Vishal Website/node_modules/@tailwindcss/postcss'
50 silly reify ]
51 silly reify mark retired [
51 silly reify   '/Users/jaysharma/Desktop/EDBA Vishal Website/node_modules/@types/react'
51 silly reify ]
52 silly reify mark retired [
52 silly reify   '/Users/jaysharma/Desktop/EDBA Vishal Website/node_modules/@types/react-dom'
52 silly reify ]
53 silly reify mark retired [
53 silly reify   '/Users/jaysharma/Desktop/EDBA Vishal Website/node_modules/@types/node'
53 silly reify ]
54 silly reify moves {
54 silly reify   '/Users/jaysharma/Desktop/EDBA Vishal Website/node_modules/eslint': '/Users/jaysharma/Desktop/EDBA Vishal Website/node_modules/.eslint-SfArzfQP',
54 silly reify   '/Users/jaysharma/Desktop/EDBA Vishal Website/node_modules/.bin/eslint': '/Users/jaysharma/Desktop/EDBA Vishal Website/node_modules/.bin/.eslint-jM9ytJ3T',
54 silly reify   '/Users/jaysharma/Desktop/EDBA Vishal Website/node_modules/eslint-config-next': '/Users/jaysharma/Desktop/EDBA Vishal Website/node_modules/.eslint-config-next-PamylBD4',
54 silly reify   '/Users/jaysharma/Desktop/EDBA Vishal Website/node_modules/react-dom': '/Users/jaysharma/Desktop/EDBA Vishal Website/node_modules/.react-dom-7OUKqvsw',
54 silly reify   '/Users/jaysharma/Desktop/EDBA Vishal Website/node_modules/lucide-react': '/Users/jaysharma/Desktop/EDBA Vishal Website/node_modules/.lucide-react-RXOzitQr',
54 silly reify   '/Users/jaysharma/Desktop/EDBA Vishal Website/node_modules/next': '/Users/jaysharma/Desktop/EDBA Vishal Website/node_modules/.next-U9LOOkXi',
54 silly reify   '/Users/jaysharma/Desktop/EDBA Vishal Website/node_modules/.bin/next': '/Users/jaysharma/Desktop/EDBA Vishal Website/node_modules/.bin/.next-lHuppoEa',
54 silly reify   '/Users/jaysharma/Desktop/EDBA Vishal Website/node_modules/react': '/Users/jaysharma/Desktop/EDBA Vishal Website/node_modules/.react-NjPdpmXg',
54 silly reify   '/Users/jaysharma/Desktop/EDBA Vishal Website/node_modules/typescript': '/Users/jaysharma/Desktop/EDBA Vishal Website/node_modules/.typescript-QIZ4kQig',
54 silly reify   '/Users/jaysharma/Desktop/EDBA Vishal Website/node_modules/.bin/tsc': '/Users/jaysharma/Desktop/EDBA Vishal Website/node_modules/.bin/.tsc-XTNsnWb4',
54 silly reify   '/Users/jaysharma/Desktop/EDBA Vishal Website/node_modules/.bin/tsserver': '/Users/jaysharma/Desktop/EDBA Vishal Website/node_modules/.bin/.tsserver-8kitumvy',
54 silly reify   '/Users/jaysharma/Desktop/EDBA Vishal Website/node_modules/tailwindcss': '/Users/jaysharma/Desktop/EDBA Vishal Website/node_modules/.tailwindcss-cMRkW0DV',
54 silly reify   '/Users/jaysharma/Desktop/EDBA Vishal Website/node_modules/@tailwindcss/postcss': '/Users/jaysharma/Desktop/EDBA Vishal Website/node_modules/@tailwindcss/.postcss-ljUseWiE',
54 silly reify   '/Users/jaysharma/Desktop/EDBA Vishal Website/node_modules/@types/react': '/Users/jaysharma/Desktop/EDBA Vishal Website/node_modules/@types/.react-H5MfBa10',
54 silly reify   '/Users/jaysharma/Desktop/EDBA Vishal Website/node_modules/@types/react-dom': '/Users/jaysharma/Desktop/EDBA Vishal Website/node_modules/@types/.react-dom-yLQkNo9l',
54 silly reify   '/Users/jaysharma/Desktop/EDBA Vishal Website/node_modules/@types/node': '/Users/jaysharma/Desktop/EDBA Vishal Website/node_modules/@types/.node-27YZlB2a'
54 silly reify }
55 silly audit bulk request {
55 silly audit   '@alloc/quick-lru': [ '5.2.0' ],
55 silly audit   '@babel/code-frame': [ '7.29.7' ],
55 silly audit   '@babel/compat-data': [ '7.29.7' ],
55 silly audit   '@babel/core': [ '7.29.7' ],
55 silly audit   '@babel/generator': [ '7.29.7' ],
55 silly audit   '@babel/helper-compilation-targets': [ '7.29.7' ],
55 silly audit   '@babel/helper-globals': [ '7.29.7' ],
55 silly audit   '@babel/helper-module-imports': [ '7.29.7' ],
55 silly audit   '@babel/helper-module-transforms': [ '7.29.7' ],
55 silly audit   '@babel/helper-string-parser': [ '7.29.7' ],
55 silly audit   '@babel/helper-validator-identifier': [ '7.29.7' ],
55 silly audit   '@babel/helper-validator-option': [ '7.29.7' ],
55 silly audit   '@babel/helpers': [ '7.29.7' ],
55 silly audit   '@babel/parser': [ '7.29.7' ],
55 silly audit   '@babel/template': [ '7.29.7' ],
55 silly audit   '@babel/traverse': [ '7.29.7' ],
55 silly audit   '@babel/types': [ '7.29.7' ],
55 silly audit   '@emnapi/core': [ '1.10.0' ],
55 silly audit   '@emnapi/runtime': [ '1.10.0' ],
55 silly audit   '@emnapi/wasi-threads': [ '1.2.1' ],
55 silly audit   '@eslint-community/eslint-utils': [ '4.9.1' ],
55 silly audit   'eslint-visitor-keys': [ '3.4.3', '5.0.1', '4.2.1' ],
55 silly audit   '@eslint-community/regexpp': [ '4.12.2' ],
55 silly audit   '@eslint/config-array': [ '0.21.2' ],
55 silly audit   '@eslint/config-helpers': [ '0.4.2' ],
55 silly audit   '@eslint/core': [ '0.17.0' ],
55 silly audit   '@eslint/eslintrc': [ '3.3.5' ],
55 silly audit   '@eslint/js': [ '9.39.4' ],
55 silly audit   '@eslint/object-schema': [ '2.1.7' ],
55 silly audit   '@eslint/plugin-kit': [ '0.4.1' ],
55 silly audit   '@humanfs/core': [ '0.19.2' ],
55 silly audit   '@humanfs/node': [ '0.16.8' ],
55 silly audit   '@humanfs/types': [ '0.15.0' ],
55 silly audit   '@humanwhocodes/module-importer': [ '1.0.1' ],
55 silly audit   '@humanwhocodes/retry': [ '0.4.3' ],
55 silly audit   '@img/colour': [ '1.1.0' ],
55 silly audit   '@img/sharp-darwin-arm64': [ '0.34.5' ],
55 silly audit   '@img/sharp-darwin-x64': [ '0.34.5' ],
55 silly audit   '@img/sharp-libvips-darwin-arm64': [ '1.2.4' ],
55 silly audit   '@img/sharp-libvips-darwin-x64': [ '1.2.4' ],
55 silly audit   '@img/sharp-libvips-linux-arm': [ '1.2.4' ],
55 silly audit   '@img/sharp-libvips-linux-arm64': [ '1.2.4' ],
55 silly audit   '@img/sharp-libvips-linux-ppc64': [ '1.2.4' ],
55 silly audit   '@img/sharp-libvips-linux-riscv64': [ '1.2.4' ],
55 silly audit   '@img/sharp-libvips-linux-s390x': [ '1.2.4' ],
55 silly audit   '@img/sharp-libvips-linux-x64': [ '1.2.4' ],
55 silly audit   '@img/sharp-libvips-linuxmusl-arm64': [ '1.2.4' ],
55 silly audit   '@img/sharp-libvips-linuxmusl-x64': [ '1.2.4' ],
55 silly audit   '@img/sharp-linux-arm': [ '0.34.5' ],
55 silly audit   '@img/sharp-linux-arm64': [ '0.34.5' ],
55 silly audit   '@img/sharp-linux-ppc64': [ '0.34.5' ],
55 silly audit   '@img/sharp-linux-riscv64': [ '0.34.5' ],
55 silly audit   '@img/sharp-linux-s390x': [ '0.34.5' ],
55 silly audit   '@img/sharp-linux-x64': [ '0.34.5' ],
55 silly audit   '@img/sharp-linuxmusl-arm64': [ '0.34.5' ],
55 silly audit   '@img/sharp-linuxmusl-x64': [ '0.34.5' ],
55 silly audit   '@img/sharp-wasm32': [ '0.34.5' ],
55 silly audit   '@img/sharp-win32-arm64': [ '0.34.5' ],
55 silly audit   '@img/sharp-win32-ia32': [ '0.34.5' ],
55 silly audit   '@img/sharp-win32-x64': [ '0.34.5' ],
55 silly audit   '@jridgewell/gen-mapping': [ '0.3.13' ],
55 silly audit   '@jridgewell/remapping': [ '2.3.5' ],
55 silly audit   '@jridgewell/resolve-uri': [ '3.1.2' ],
55 silly audit   '@jridgewell/sourcemap-codec': [ '1.5.5' ],
55 silly audit   '@jridgewell/trace-mapping': [ '0.3.31' ],
55 silly audit   '@napi-rs/wasm-runtime': [ '1.1.4' ],
55 silly audit   '@next/env': [ '16.2.7' ],
55 silly audit   '@next/eslint-plugin-next': [ '16.2.7' ],
55 silly audit   '@next/swc-darwin-arm64': [ '16.2.7' ],
55 silly audit   '@next/swc-darwin-x64': [ '16.2.7' ],
55 silly audit   '@next/swc-linux-arm64-gnu': [ '16.2.7' ],
55 silly audit   '@next/swc-linux-arm64-musl': [ '16.2.7' ],
55 silly audit   '@next/swc-linux-x64-gnu': [ '16.2.7' ],
55 silly audit   '@next/swc-linux-x64-musl': [ '16.2.7' ],
55 silly audit   '@next/swc-win32-arm64-msvc': [ '16.2.7' ],
55 silly audit   '@next/swc-win32-x64-msvc': [ '16.2.7' ],
55 silly audit   '@nodelib/fs.scandir': [ '2.1.5' ],
55 silly audit   '@nodelib/fs.stat': [ '2.0.5' ],
55 silly audit   '@nodelib/fs.walk': [ '1.2.8' ],
55 silly audit   '@nolyfill/is-core-module': [ '1.0.39' ],
55 silly audit   '@rtsao/scc': [ '1.1.0' ],
55 silly audit   '@swc/helpers': [ '0.5.15' ],
55 silly audit   '@tailwindcss/node': [ '4.3.0' ],
55 silly audit   '@tailwindcss/oxide': [ '4.3.0' ],
55 silly audit   '@tailwindcss/oxide-android-arm64': [ '4.3.0' ],
55 silly audit   '@tailwindcss/oxide-darwin-arm64': [ '4.3.0' ],
55 silly audit   '@tailwindcss/oxide-darwin-x64': [ '4.3.0' ],
55 silly audit   '@tailwindcss/oxide-freebsd-x64': [ '4.3.0' ],
55 silly audit   '@tailwindcss/oxide-linux-arm-gnueabihf': [ '4.3.0' ],
55 silly audit   '@tailwindcss/oxide-linux-arm64-gnu': [ '4.3.0' ],
55 silly audit   '@tailwindcss/oxide-linux-arm64-musl': [ '4.3.0' ],
55 silly audit   '@tailwindcss/oxide-linux-x64-gnu': [ '4.3.0' ],
55 silly audit   '@tailwindcss/oxide-linux-x64-musl': [ '4.3.0' ],
55 silly audit   '@tailwindcss/oxide-wasm32-wasi': [ '4.3.0' ],
55 silly audit   '@tailwindcss/oxide-win32-arm64-msvc': [ '4.3.0' ],
55 silly audit   '@tailwindcss/oxide-win32-x64-msvc': [ '4.3.0' ],
55 silly audit   '@tailwindcss/postcss': [ '4.3.0' ],
55 silly audit   '@tybys/wasm-util': [ '0.10.2' ],
55 silly audit   '@types/estree': [ '1.0.9' ],
55 silly audit   '@types/json-schema': [ '7.0.15' ],
55 silly audit   '@types/json5': [ '0.0.29' ],
55 silly audit   '@types/node': [ '20.19.41' ],
55 silly audit   '@types/react': [ '19.2.16' ],
55 silly audit   '@types/react-dom': [ '19.2.3' ],
55 silly audit   '@typescript-eslint/eslint-plugin': [ '8.60.1' ],
55 silly audit   ignore: [ '7.0.5', '5.3.2' ],
55 silly audit   '@typescript-eslint/parser': [ '8.60.1' ],
55 silly audit   '@typescript-eslint/project-service': [ '8.60.1' ],
55 silly audit   '@typescript-eslint/scope-manager': [ '8.60.1' ],
55 silly audit   '@typescript-eslint/tsconfig-utils': [ '8.60.1' ],
55 silly audit   '@typescript-eslint/type-utils': [ '8.60.1' ],
55 silly audit   '@typescript-eslint/types': [ '8.60.1' ],
55 silly audit   '@typescript-eslint/typescript-estree': [ '8.60.1' ],
55 silly audit   'balanced-match': [ '4.0.4', '1.0.2' ],
55 silly audit   'brace-expansion': [ '5.0.6', '1.1.15' ],
55 silly audit   minimatch: [ '10.2.5', '3.1.5' ],
55 silly audit   semver: [ '7.8.1', '6.3.1' ],
55 silly audit   '@typescript-eslint/utils': [ '8.60.1' ],
55 silly audit   '@typescript-eslint/visitor-keys': [ '8.60.1' ],
55 silly audit   '@unrs/resolver-binding-android-arm-eabi': [ '1.12.2' ],
55 silly audit   '@unrs/resolver-binding-android-arm64': [ '1.12.2' ],
55 silly audit   '@unrs/resolver-binding-darwin-arm64': [ '1.12.2' ],
55 silly audit   '@unrs/resolver-binding-darwin-x64': [ '1.12.2' ],
55 silly audit   '@unrs/resolver-binding-freebsd-x64': [ '1.12.2' ],
55 silly audit   '@unrs/resolver-binding-linux-arm-gnueabihf': [ '1.12.2' ],
55 silly audit   '@unrs/resolver-binding-linux-arm-musleabihf': [ '1.12.2' ],
55 silly audit   '@unrs/resolver-binding-linux-arm64-gnu': [ '1.12.2' ],
55 silly audit   '@unrs/resolver-binding-linux-arm64-musl': [ '1.12.2' ],
55 silly audit   '@unrs/resolver-binding-linux-loong64-gnu': [ '1.12.2' ],
55 silly audit   '@unrs/resolver-binding-linux-loong64-musl': [ '1.12.2' ],
55 silly audit   '@unrs/resolver-binding-linux-ppc64-gnu': [ '1.12.2' ],
55 silly audit   '@unrs/resolver-binding-linux-riscv64-gnu': [ '1.12.2' ],
55 silly audit   '@unrs/resolver-binding-linux-riscv64-musl': [ '1.12.2' ],
55 silly audit   '@unrs/resolver-binding-linux-s390x-gnu': [ '1.12.2' ],
55 silly audit   '@unrs/resolver-binding-linux-x64-gnu': [ '1.12.2' ],
55 silly audit   '@unrs/resolver-binding-linux-x64-musl': [ '1.12.2' ],
55 silly audit   '@unrs/resolver-binding-openharmony-arm64': [ '1.12.2' ],
55 silly audit   '@unrs/resolver-binding-wasm32-wasi': [ '1.12.2' ],
55 silly audit   '@unrs/resolver-binding-win32-arm64-msvc': [ '1.12.2' ],
55 silly audit   '@unrs/resolver-binding-win32-ia32-msvc': [ '1.12.2' ],
55 silly audit   '@unrs/resolver-binding-win32-x64-msvc': [ '1.12.2' ],
55 silly audit   acorn: [ '8.16.0' ],
55 silly audit   'acorn-jsx': [ '5.3.2' ],
55 silly audit   ajv: [ '6.15.0' ],
55 silly audit   'ansi-styles': [ '4.3.0' ],
55 silly audit   argparse: [ '2.0.1' ],
55 silly audit   'aria-query': [ '5.3.2' ],
55 silly audit   'array-buffer-byte-length': [ '1.0.2' ],
55 silly audit   'array-includes': [ '3.1.9' ],
55 silly audit   'array.prototype.findlast': [ '1.2.5' ],
55 silly audit   'array.prototype.findlastindex': [ '1.2.6' ],
55 silly audit   'array.prototype.flat': [ '1.3.3' ],
55 silly audit   'array.prototype.flatmap': [ '1.3.3' ],
55 silly audit   'array.prototype.tosorted': [ '1.1.4' ],
55 silly audit   'arraybuffer.prototype.slice': [ '1.0.4' ],
55 silly audit   'ast-types-flow': [ '0.0.8' ],
55 silly audit   'async-function': [ '1.0.0' ],
55 silly audit   'available-typed-arrays': [ '1.0.7' ],
55 silly audit   'axe-core': [ '4.12.0' ],
55 silly audit   'axobject-query': [ '4.1.0' ],
55 silly audit   'baseline-browser-mapping': [ '2.10.33' ],
55 silly audit   braces: [ '3.0.3' ],
55 silly audit   browserslist: [ '4.28.2' ],
55 silly audit   'call-bind': [ '1.0.9' ],
55 silly audit   'call-bind-apply-helpers': [ '1.0.2' ],
55 silly audit   'call-bound': [ '1.0.4' ],
55 silly audit   callsites: [ '3.1.0' ],
55 silly audit   'caniuse-lite': [ '1.0.30001793' ],
55 silly audit   chalk: [ '4.1.2' ],
55 silly audit   'client-only': [ '0.0.1' ],
55 silly audit   'color-convert': [ '2.0.1' ],
55 silly audit   'color-name': [ '1.1.4' ],
55 silly audit   'concat-map': [ '0.0.1' ],
55 silly audit   'convert-source-map': [ '2.0.0' ],
55 silly audit   'cross-spawn': [ '7.0.6' ],
55 silly audit   csstype: [ '3.2.3' ],
55 silly audit   'damerau-levenshtein': [ '1.0.8' ],
55 silly audit   'data-view-buffer': [ '1.0.2' ],
55 silly audit   'data-view-byte-length': [ '1.0.2' ],
55 silly audit   'data-view-byte-offset': [ '1.0.1' ],
55 silly audit   debug: [ '4.4.3', '3.2.7' ],
55 silly audit   'deep-is': [ '0.1.4' ],
55 silly audit   'define-data-property': [ '1.1.4' ],
55 silly audit   'define-properties': [ '1.2.1' ],
55 silly audit   'detect-libc': [ '2.1.2' ],
55 silly audit   doctrine: [ '2.1.0' ],
55 silly audit   'dunder-proto': [ '1.0.1' ],
55 silly audit   'electron-to-chromium': [ '1.5.365' ],
55 silly audit   'emoji-regex': [ '9.2.2' ],
55 silly audit   'enhanced-resolve': [ '5.22.1' ],
55 silly audit   'es-abstract': [ '1.24.2' ],
55 silly audit   'es-define-property': [ '1.0.1' ],
55 silly audit   'es-errors': [ '1.3.0' ],
55 silly audit   'es-iterator-helpers': [ '1.3.2' ],
55 silly audit   'es-object-atoms': [ '1.1.2' ],
55 silly audit   'es-set-tostringtag': [ '2.1.0' ],
55 silly audit   'es-shim-unscopables': [ '1.1.0' ],
55 silly audit   'es-to-primitive': [ '1.3.0' ],
55 silly audit   escalade: [ '3.2.0' ],
55 silly audit   'escape-string-regexp': [ '4.0.0' ],
55 silly audit   eslint: [ '9.39.4' ],
55 silly audit   'eslint-config-next': [ '16.2.7' ],
55 silly audit   globals: [ '16.4.0', '14.0.0' ],
55 silly audit   'eslint-import-resolver-node': [ '0.3.10' ],
55 silly audit   'eslint-import-resolver-typescript': [ '3.10.1' ],
55 silly audit   'eslint-module-utils': [ '2.13.0' ],
55 silly audit   'eslint-plugin-import': [ '2.32.0' ],
55 silly audit   'eslint-plugin-jsx-a11y': [ '6.10.2' ],
55 silly audit   'eslint-plugin-react': [ '7.37.5' ],
55 silly audit   'eslint-plugin-react-hooks': [ '7.1.1' ],
55 silly audit   'eslint-scope': [ '8.4.0' ],
55 silly audit   espree: [ '10.4.0' ],
55 silly audit   esquery: [ '1.7.0' ],
55 silly audit   esrecurse: [ '4.3.0' ],
55 silly audit   estraverse: [ '5.3.0' ],
55 silly audit   esutils: [ '2.0.3' ],
55 silly audit   'fast-deep-equal': [ '3.1.3' ],
55 silly audit   'fast-glob': [ '3.3.1' ],
55 silly audit   'glob-parent': [ '5.1.2', '6.0.2' ],
55 silly audit   'fast-json-stable-stringify': [ '2.1.0' ],
55 silly audit   'fast-levenshtein': [ '2.0.6' ],
55 silly audit   fastq: [ '1.20.1' ],
55 silly audit   'file-entry-cache': [ '8.0.0' ],
55 silly audit   'fill-range': [ '7.1.1' ],
55 silly audit   'find-up': [ '5.0.0' ],
55 silly audit   'flat-cache': [ '4.0.1' ],
55 silly audit   flatted: [ '3.4.2' ],
55 silly audit   'for-each': [ '0.3.5' ],
55 silly audit   'function-bind': [ '1.1.2' ],
55 silly audit   'function.prototype.name': [ '1.1.8' ],
55 silly audit   'functions-have-names': [ '1.2.3' ],
55 silly audit   'generator-function': [ '2.0.1' ],
55 silly audit   gensync: [ '1.0.0-beta.2' ],
55 silly audit   'get-intrinsic': [ '1.3.0' ],
55 silly audit   'get-proto': [ '1.0.1' ],
55 silly audit   'get-symbol-description': [ '1.1.0' ],
55 silly audit   'get-tsconfig': [ '4.14.0' ],
55 silly audit   globalthis: [ '1.0.4' ],
55 silly audit   gopd: [ '1.2.0' ],
55 silly audit   'graceful-fs': [ '4.2.11' ],
55 silly audit   'has-bigints': [ '1.1.0' ],
55 silly audit   'has-flag': [ '4.0.0' ],
55 silly audit   'has-property-descriptors': [ '1.0.2' ],
55 silly audit   'has-proto': [ '1.2.0' ],
55 silly audit   'has-symbols': [ '1.1.0' ],
55 silly audit   'has-tostringtag': [ '1.0.2' ],
55 silly audit   hasown: [ '2.0.4' ],
55 silly audit   'hermes-estree': [ '0.25.1' ],
55 silly audit   'hermes-parser': [ '0.25.1' ],
55 silly audit   'import-fresh': [ '3.3.1' ],
55 silly audit   imurmurhash: [ '0.1.4' ],
55 silly audit   'internal-slot': [ '1.1.0' ],
55 silly audit   'is-array-buffer': [ '3.0.5' ],
55 silly audit   'is-async-function': [ '2.1.1' ],
55 silly audit   'is-bigint': [ '1.1.0' ],
55 silly audit   'is-boolean-object': [ '1.2.2' ],
55 silly audit   'is-bun-module': [ '2.0.0' ],
55 silly audit   'is-callable': [ '1.2.7' ],
55 silly audit   'is-core-module': [ '2.16.2' ],
55 silly audit   'is-data-view': [ '1.0.2' ],
55 silly audit   'is-date-object': [ '1.1.0' ],
55 silly audit   'is-extglob': [ '2.1.1' ],
55 silly audit   'is-finalizationregistry': [ '1.1.1' ],
55 silly audit   'is-generator-function': [ '1.1.2' ],
55 silly audit   'is-glob': [ '4.0.3' ],
55 silly audit   'is-map': [ '2.0.3' ],
55 silly audit   'is-negative-zero': [ '2.0.3' ],
55 silly audit   'is-number': [ '7.0.0' ],
55 silly audit   'is-number-object': [ '1.1.1' ],
55 silly audit   'is-regex': [ '1.2.1' ],
55 silly audit   'is-set': [ '2.0.3' ],
55 silly audit   'is-shared-array-buffer': [ '1.0.4' ],
55 silly audit   'is-string': [ '1.1.1' ],
55 silly audit   'is-symbol': [ '1.1.1' ],
55 silly audit   'is-typed-array': [ '1.1.15' ],
55 silly audit   'is-weakmap': [ '2.0.2' ],
55 silly audit   'is-weakref': [ '1.1.1' ],
55 silly audit   'is-weakset': [ '2.0.4' ],
55 silly audit   isarray: [ '2.0.5' ],
55 silly audit   isexe: [ '2.0.0' ],
55 silly audit   'iterator.prototype': [ '1.1.5' ],
55 silly audit   jiti: [ '2.7.0' ],
55 silly audit   'js-tokens': [ '4.0.0' ],
55 silly audit   'js-yaml': [ '4.2.0' ],
55 silly audit   jsesc: [ '3.1.0' ],
55 silly audit   'json-buffer': [ '3.0.1' ],
55 silly audit   'json-schema-traverse': [ '0.4.1' ],
55 silly audit   'json-stable-stringify-without-jsonify': [ '1.0.1' ],
55 silly audit   json5: [ '2.2.3', '1.0.2' ],
55 silly audit   'jsx-ast-utils': [ '3.3.5' ],
55 silly audit   keyv: [ '4.5.4' ],
55 silly audit   'language-subtag-registry': [ '0.3.23' ],
55 silly audit   'language-tags': [ '1.0.9' ],
55 silly audit   levn: [ '0.4.1' ],
55 silly audit   lightningcss: [ '1.32.0' ],
55 silly audit   'lightningcss-android-arm64': [ '1.32.0' ],
55 silly audit   'lightningcss-darwin-arm64': [ '1.32.0' ],
55 silly audit   'lightningcss-darwin-x64': [ '1.32.0' ],
55 silly audit   'lightningcss-freebsd-x64': [ '1.32.0' ],
55 silly audit   'lightningcss-linux-arm-gnueabihf': [ '1.32.0' ],
55 silly audit   'lightningcss-linux-arm64-gnu': [ '1.32.0' ],
55 silly audit   'lightningcss-linux-arm64-musl': [ '1.32.0' ],
55 silly audit   'lightningcss-linux-x64-gnu': [ '1.32.0' ],
55 silly audit   'lightningcss-linux-x64-musl': [ '1.32.0' ],
55 silly audit   'lightningcss-win32-arm64-msvc': [ '1.32.0' ],
55 silly audit   'lightningcss-win32-x64-msvc': [ '1.32.0' ],
55 silly audit   'locate-path': [ '6.0.0' ],
55 silly audit   'lodash.merge': [ '4.6.2' ],
55 silly audit   'loose-envify': [ '1.4.0' ],
55 silly audit   'lru-cache': [ '5.1.1' ],
55 silly audit   'lucide-react': [ '1.17.0' ],
55 silly audit   'magic-string': [ '0.30.21' ],
55 silly audit   'math-intrinsics': [ '1.1.0' ],
55 silly audit   merge2: [ '1.4.1' ],
55 silly audit   micromatch: [ '4.0.8' ],
55 silly audit   minimist: [ '1.2.8' ],
55 silly audit   ms: [ '2.1.3' ],
55 silly audit   nanoid: [ '3.3.12' ],
55 silly audit   'napi-postinstall': [ '0.3.4' ],
55 silly audit   'natural-compare': [ '1.4.0' ],
55 silly audit   next: [ '16.2.7' ],
55 silly audit   postcss: [ '8.4.31', '8.5.15' ],
55 silly audit   'node-exports-info': [ '1.6.0' ],
55 silly audit   'node-releases': [ '2.0.47' ],
55 silly audit   'object-assign': [ '4.1.1' ],
55 silly audit   'object-inspect': [ '1.13.4' ],
55 silly audit   'object-keys': [ '1.1.1' ],
55 silly audit   'object.assign': [ '4.1.7' ],
55 silly audit   'object.entries': [ '1.1.9' ],
55 silly audit   'object.fromentries': [ '2.0.8' ],
55 silly audit   'object.groupby': [ '1.0.3' ],
55 silly audit   'object.values': [ '1.2.1' ],
55 silly audit   optionator: [ '0.9.4' ],
55 silly audit   'own-keys': [ '1.0.1' ],
55 silly audit   'p-limit': [ '3.1.0' ],
55 silly audit   'p-locate': [ '5.0.0' ],
55 silly audit   'parent-module': [ '1.0.1' ],
55 silly audit   'path-exists': [ '4.0.0' ],
55 silly audit   'path-key': [ '3.1.1' ],
55 silly audit   'path-parse': [ '1.0.7' ],
55 silly audit   picocolors: [ '1.1.1' ],
55 silly audit   picomatch: [ '2.3.2', '4.0.4' ],
55 silly audit   'possible-typed-array-names': [ '1.1.0' ],
55 silly audit   'prelude-ls': [ '1.2.1' ],
55 silly audit   'prop-types': [ '15.8.1' ],
55 silly audit   punycode: [ '2.3.1' ],
55 silly audit   'queue-microtask': [ '1.2.3' ],
55 silly audit   react: [ '19.2.4' ],
55 silly audit   'react-dom': [ '19.2.4' ],
55 silly audit   'react-is': [ '16.13.1' ],
55 silly audit   'reflect.getprototypeof': [ '1.0.10' ],
55 silly audit   'regexp.prototype.flags': [ '1.5.4' ],
55 silly audit   resolve: [ '2.0.0-next.7' ],
55 silly audit   'resolve-from': [ '4.0.0' ],
55 silly audit   'resolve-pkg-maps': [ '1.0.0' ],
55 silly audit   reusify: [ '1.1.0' ],
55 silly audit   'run-parallel': [ '1.2.0' ],
55 silly audit   'safe-array-concat': [ '1.1.4' ],
55 silly audit   'safe-push-apply': [ '1.0.0' ],
55 silly audit   'safe-regex-test': [ '1.1.0' ],
55 silly audit   scheduler: [ '0.27.0' ],
55 silly audit   'set-function-length': [ '1.2.2' ],
55 silly audit   'set-function-name': [ '2.0.2' ],
55 silly audit   'set-proto': [ '1.0.0' ],
55 silly audit   sharp: [ '0.34.5' ],
55 silly audit   'shebang-command': [ '2.0.0' ],
55 silly audit   'shebang-regex': [ '3.0.0' ],
55 silly audit   'side-channel': [ '1.1.0' ],
55 silly audit   'side-channel-list': [ '1.0.1' ],
55 silly audit   'side-channel-map': [ '1.0.1' ],
55 silly audit   'side-channel-weakmap': [ '1.0.2' ],
55 silly audit   'source-map-js': [ '1.2.1' ],
55 silly audit   'stable-hash': [ '0.0.5' ],
55 silly audit   'stop-iteration-iterator': [ '1.1.0' ],
55 silly audit   'string.prototype.includes': [ '2.0.1' ],
55 silly audit   'string.prototype.matchall': [ '4.0.12' ],
55 silly audit   'string.prototype.repeat': [ '1.0.0' ],
55 silly audit   'string.prototype.trim': [ '1.2.10' ],
55 silly audit   'string.prototype.trimend': [ '1.0.9' ],
55 silly audit   'string.prototype.trimstart': [ '1.0.8' ],
55 silly audit   'strip-bom': [ '3.0.0' ],
55 silly audit   'strip-json-comments': [ '3.1.1' ],
55 silly audit   'styled-jsx': [ '5.1.6' ],
55 silly audit   'supports-color': [ '7.2.0' ],
55 silly audit   'supports-preserve-symlinks-flag': [ '1.0.0' ],
55 silly audit   tailwindcss: [ '4.3.0' ],
55 silly audit   tapable: [ '2.3.3' ],
55 silly audit   tinyglobby: [ '0.2.17' ],
55 silly audit   fdir: [ '6.5.0' ],
55 silly audit   'to-regex-range': [ '5.0.1' ],
55 silly audit   'ts-api-utils': [ '2.5.0' ],
55 silly audit   'tsconfig-paths': [ '3.15.0' ],
55 silly audit   tslib: [ '2.8.1' ],
55 silly audit   'type-check': [ '0.4.0' ],
55 silly audit   'typed-array-buffer': [ '1.0.3' ],
55 silly audit   'typed-array-byte-length': [ '1.0.3' ],
55 silly audit   'typed-array-byte-offset': [ '1.0.4' ],
55 silly audit   'typed-array-length': [ '1.0.8' ],
55 silly audit   typescript: [ '5.9.3' ],
55 silly audit   'typescript-eslint': [ '8.60.1' ],
55 silly audit   'unbox-primitive': [ '1.1.0' ],
55 silly audit   'undici-types': [ '6.21.0' ],
55 silly audit   'unrs-resolver': [ '1.12.2' ],
55 silly audit   'update-browserslist-db': [ '1.2.3' ],
55 silly audit   'uri-js': [ '4.4.1' ],
55 silly audit   which: [ '2.0.2' ],
55 silly audit   'which-boxed-primitive': [ '1.1.1' ],
55 silly audit   'which-builtin-type': [ '1.2.1' ],
55 silly audit   'which-collection': [ '1.0.2' ],
55 silly audit   'which-typed-array': [ '1.1.21' ],
55 silly audit   'word-wrap': [ '1.2.5' ],
55 silly audit   yallist: [ '3.1.1' ],
55 silly audit   'yocto-queue': [ '0.1.0' ],
55 silly audit   zod: [ '4.4.3' ],
55 silly audit   'zod-validation-error': [ '4.0.2' ],
55 silly audit   'framer-motion': [ '12.40.0' ],
55 silly audit   'motion-dom': [ '12.40.0' ],
55 silly audit   'motion-utils': [ '12.39.0' ]
55 silly audit }
56 http cache motion-dom@https://registry.npmjs.org/motion-dom/-/motion-dom-12.40.0.tgz 0ms (cache hit)
57 http cache @types/react-dom@https://registry.npmjs.org/@types/react-dom/-/react-dom-19.2.3.tgz 0ms (cache hit)
58 http cache @types/node@https://registry.npmjs.org/@types/node/-/node-20.19.41.tgz 0ms (cache hit)
59 http cache motion-utils@https://registry.npmjs.org/motion-utils/-/motion-utils-12.39.0.tgz 0ms (cache hit)
60 http cache @types/react@https://registry.npmjs.org/@types/react/-/react-19.2.16.tgz 0ms (cache hit)
61 http cache @tailwindcss/postcss@https://registry.npmjs.org/@tailwindcss/postcss/-/postcss-4.3.0.tgz 0ms (cache hit)
62 http cache framer-motion@https://registry.npmjs.org/framer-motion/-/framer-motion-12.40.0.tgz 0ms (cache hit)
63 http cache typescript@https://registry.npmjs.org/typescript/-/typescript-5.9.3.tgz 0ms (cache hit)
64 http cache tailwindcss@https://registry.npmjs.org/tailwindcss/-/tailwindcss-4.3.0.tgz 0ms (cache hit)
65 http cache react@https://registry.npmjs.org/react/-/react-19.2.4.tgz 0ms (cache hit)
66 http cache next@https://registry.npmjs.org/next/-/next-16.2.7.tgz 0ms (cache hit)
67 http cache react-dom@https://registry.npmjs.org/react-dom/-/react-dom-19.2.4.tgz 0ms (cache hit)
68 http cache lucide-react@https://registry.npmjs.org/lucide-react/-/lucide-react-1.17.0.tgz 0ms (cache hit)
69 http cache eslint@https://registry.npmjs.org/eslint/-/eslint-9.39.4.tgz 0ms (cache hit)
70 http cache eslint-config-next@https://registry.npmjs.org/eslint-config-next/-/eslint-config-next-16.2.7.tgz 0ms (cache hit)
71 http cache postcss@https://registry.npmjs.org/postcss/-/postcss-8.4.31.tgz 0ms (cache hit)
72 http cache globals@https://registry.npmjs.org/globals/-/globals-16.4.0.tgz 0ms (cache hit)
73 silly tarball no local data for motion-dom@https://registry.npmjs.org/motion-dom/-/motion-dom-12.40.0.tgz. Extracting by manifest.
74 silly tarball no local data for motion-utils@https://registry.npmjs.org/motion-utils/-/motion-utils-12.39.0.tgz. Extracting by manifest.
75 silly tarball no local data for framer-motion@https://registry.npmjs.org/framer-motion/-/framer-motion-12.40.0.tgz. Extracting by manifest.
76 http fetch POST 200 https://registry.npmjs.org/-/npm/v1/security/advisories/bulk 369ms
77 silly audit report {
77 silly audit report   postcss: [
77 silly audit report     {
77 silly audit report       id: 1117015,
77 silly audit report       url: 'https://github.com/advisories/GHSA-qx2v-qp2m-jg93',
77 silly audit report       title: 'PostCSS has XSS via Unescaped </style> in its CSS Stringify Output',
77 silly audit report       severity: 'moderate',
77 silly audit report       vulnerable_versions: '<8.5.10',
77 silly audit report       cwe: [Array],
77 silly audit report       cvss: [Object]
77 silly audit report     }
77 silly audit report   ]
77 silly audit report }
78 silly packumentCache corgi:https://registry.npmjs.org/postcss cache-miss
79 http fetch GET 200 https://registry.npmjs.org/postcss 112ms (cache revalidated)
80 silly packumentCache corgi:https://registry.npmjs.org/postcss set size:344717 disposed:false
81 silly packumentCache corgi:https://registry.npmjs.org/next cache-miss
82 http fetch GET 200 https://registry.npmjs.org/next 44ms (cache revalidated)
83 silly packumentCache corgi:https://registry.npmjs.org/next set size:25113801 disposed:false
84 http fetch GET 200 https://registry.npmjs.org/motion-utils/-/motion-utils-12.39.0.tgz 687ms (cache miss)
85 http fetch GET 200 https://registry.npmjs.org/motion-dom/-/motion-dom-12.40.0.tgz 718ms (cache miss)
86 http fetch GET 200 https://registry.npmjs.org/framer-motion/-/framer-motion-12.40.0.tgz 784ms (cache miss)
87 silly ADD node_modules/motion-utils
88 silly ADD node_modules/motion-dom
89 silly ADD node_modules/framer-motion
90 silly CHANGE node_modules/@types/node
91 silly CHANGE node_modules/@types/react-dom
92 silly CHANGE node_modules/@types/react
93 silly CHANGE node_modules/@tailwindcss/postcss
94 silly CHANGE node_modules/tailwindcss
95 silly CHANGE node_modules/typescript
96 silly CHANGE node_modules/react
97 silly CHANGE node_modules/next
98 silly ADD node_modules/next/node_modules/postcss
99 silly CHANGE node_modules/lucide-react
100 silly CHANGE node_modules/react-dom
101 silly CHANGE node_modules/eslint-config-next
102 silly ADD node_modules/eslint-config-next/node_modules/globals
103 silly CHANGE node_modules/eslint
104 verbose cwd /Users/jaysharma/Desktop/EDBA Vishal Website
105 verbose os Darwin 25.5.0
106 verbose node v24.16.0
107 verbose npm  v11.13.0
108 verbose exit 0
109 info ok
